                              1 ;--------------------------------------------------------
                              2 ; File Created by SDCC : FreeWare ANSI-C Compiler
                              3 ; Version 2.2.1 Mon May 31 00:55:33 2021
                              4 
                              5 ;--------------------------------------------------------
                              6 	.module lcc142680
                              7 	
                              8 ;--------------------------------------------------------
                              9 ; Public variables in this module
                             10 ;--------------------------------------------------------
                             11 	.globl _main
                             12 	.globl _perfDelay
                             13 	.globl _move_sprite
                             14 	.globl _set_sprite_tile
                             15 	.globl _set_sprite_data
                             16 	.globl _wait_vbl_done
                             17 	.globl _joypad
                             18 	.globl _Hero
                             19 	.globl _playerlocation
                             20 	.globl _main
                             21 	.globl _perfDelay
                             22 ;--------------------------------------------------------
                             23 ; Externals used
                             24 ;--------------------------------------------------------
                             25 	.globl _IE_REG
                             26 	.globl _SVBK_REG
                             27 	.globl _OCPD_REG
                             28 	.globl _OCPS_REG
                             29 	.globl _BCPD_REG
                             30 	.globl _BCPS_REG
                             31 	.globl _RP_REG
                             32 	.globl _HDMA5_REG
                             33 	.globl _HDMA4_REG
                             34 	.globl _HDMA3_REG
                             35 	.globl _HDMA2_REG
                             36 	.globl _HDMA1_REG
                             37 	.globl _VBK_REG
                             38 	.globl _KEY1_REG
                             39 	.globl _WX_REG
                             40 	.globl _WY_REG
                             41 	.globl _OBP1_REG
                             42 	.globl _OBP0_REG
                             43 	.globl _BGP_REG
                             44 	.globl _DMA_REG
                             45 	.globl _LYC_REG
                             46 	.globl _LY_REG
                             47 	.globl _SCX_REG
                             48 	.globl _SCY_REG
                             49 	.globl _STAT_REG
                             50 	.globl _LCDC_REG
                             51 	.globl _NR52_REG
                             52 	.globl _NR51_REG
                             53 	.globl _NR50_REG
                             54 	.globl _NR44_REG
                             55 	.globl _NR43_REG
                             56 	.globl _NR42_REG
                             57 	.globl _NR41_REG
                             58 	.globl _NR34_REG
                             59 	.globl _NR33_REG
                             60 	.globl _NR32_REG
                             61 	.globl _NR31_REG
                             62 	.globl _NR30_REG
                             63 	.globl _NR24_REG
                             64 	.globl _NR23_REG
                             65 	.globl _NR22_REG
                             66 	.globl _NR21_REG
                             67 	.globl _NR14_REG
                             68 	.globl _NR13_REG
                             69 	.globl _NR12_REG
                             70 	.globl _NR11_REG
                             71 	.globl _NR10_REG
                             72 	.globl _IF_REG
                             73 	.globl _TAC_REG
                             74 	.globl _TMA_REG
                             75 	.globl _TIMA_REG
                             76 	.globl _DIV_REG
                             77 	.globl _SC_REG
                             78 	.globl _SB_REG
                             79 	.globl _P1_REG
                             80 	.globl __io_out
                             81 	.globl __io_in
                             82 	.globl __io_status
                             83 	.globl _sys_time
                             84 	.globl __cpu
                             85 ;--------------------------------------------------------
                             86 ; special function registers
                             87 ;--------------------------------------------------------
                             88 ;--------------------------------------------------------
                             89 ; special function bits 
                             90 ;--------------------------------------------------------
                             91 ;--------------------------------------------------------
                             92 ; internal ram data
                             93 ;--------------------------------------------------------
                             94 	.area _DATA
   0000                      95 _playerlocation::
   0000                      96 	.ds 2
   0002                      97 _Hero::
   0002                      98 	.ds 32
                             99 ;--------------------------------------------------------
                            100 ; overlayable items in internal ram 
                            101 ;--------------------------------------------------------
                            102 	.area _OVERLAY
                            103 ;--------------------------------------------------------
                            104 ; indirectly addressable internal ram data
                            105 ;--------------------------------------------------------
                            106 	.area _ISEG
                            107 ;--------------------------------------------------------
                            108 ; bit data
                            109 ;--------------------------------------------------------
                            110 	.area _BSEG
                            111 ;--------------------------------------------------------
                            112 ; external ram data
                            113 ;--------------------------------------------------------
                            114 	.area _XSEG
                            115 ;--------------------------------------------------------
                            116 ; global & static initialisations
                            117 ;--------------------------------------------------------
                            118 	.area _GSINIT
                            119 	.area _GSFINAL
                            120 	.area _GSINIT
                            121 ;	main.c 63
                            122 ; genAssign (pointer)
   0000 11 02 00            123 	ld	de,#_Hero + 0
   0003 3E FF               124 	ld	a,#0xFF
   0005 12                  125 	ld	(de),a
                            126 ; genPlus
                            127 ; genPlusIncr
   0006 11 03 00            128 	ld	de,#_Hero + 0 + 1
                            129 ; genAssign (pointer)
   0009 3E FF               130 	ld	a,#0xFF
   000B 12                  131 	ld	(de),a
                            132 ; genPlus
                            133 ; genPlusIncr
   000C 11 04 00            134 	ld	de,#_Hero + 0 + 2
                            135 ; genAssign (pointer)
   000F 3E FF               136 	ld	a,#0xFF
   0011 12                  137 	ld	(de),a
                            138 ; genPlus
                            139 ; genPlusIncr
   0012 11 05 00            140 	ld	de,#_Hero + 0 + 3
                            141 ; genAssign (pointer)
   0015 3E 81               142 	ld	a,#0x81
   0017 12                  143 	ld	(de),a
                            144 ; genPlus
                            145 ; genPlusIncr
   0018 11 06 00            146 	ld	de,#_Hero + 0 + 4
                            147 ; genAssign (pointer)
   001B 3E FF               148 	ld	a,#0xFF
   001D 12                  149 	ld	(de),a
                            150 ; genPlus
                            151 ; genPlusIncr
   001E 11 07 00            152 	ld	de,#_Hero + 0 + 5
                            153 ; genAssign (pointer)
   0021 3E A5               154 	ld	a,#0xA5
   0023 12                  155 	ld	(de),a
                            156 ; genPlus
                            157 ; genPlusIncr
   0024 11 08 00            158 	ld	de,#_Hero + 0 + 6
                            159 ; genAssign (pointer)
   0027 3E FF               160 	ld	a,#0xFF
   0029 12                  161 	ld	(de),a
                            162 ; genPlus
                            163 ; genPlusIncr
   002A 11 09 00            164 	ld	de,#_Hero + 0 + 7
                            165 ; genAssign (pointer)
   002D 3E C3               166 	ld	a,#0xC3
   002F 12                  167 	ld	(de),a
                            168 ; genPlus
                            169 ; genPlusIncr
   0030 11 0A 00            170 	ld	de,#_Hero + 0 + 8
                            171 ; genAssign (pointer)
   0033 3E 66               172 	ld	a,#0x66
   0035 12                  173 	ld	(de),a
                            174 ; genPlus
                            175 ; genPlusIncr
   0036 11 0B 00            176 	ld	de,#_Hero + 0 + 9
                            177 ; genAssign (pointer)
   0039 3E 5A               178 	ld	a,#0x5A
   003B 12                  179 	ld	(de),a
                            180 ; genPlus
                            181 ; genPlusIncr
   003C 11 0C 00            182 	ld	de,#_Hero + 0 + 10
                            183 ; genAssign (pointer)
   003F 3E FF               184 	ld	a,#0xFF
   0041 12                  185 	ld	(de),a
                            186 ; genPlus
                            187 ; genPlusIncr
   0042 11 0D 00            188 	ld	de,#_Hero + 0 + 11
                            189 ; genAssign (pointer)
   0045 3E 81               190 	ld	a,#0x81
   0047 12                  191 	ld	(de),a
                            192 ; genPlus
                            193 ; genPlusIncr
   0048 11 0E 00            194 	ld	de,#_Hero + 0 + 12
                            195 ; genAssign (pointer)
   004B 3E 7E               196 	ld	a,#0x7E
   004D 12                  197 	ld	(de),a
                            198 ; genPlus
                            199 ; genPlusIncr
   004E 11 0F 00            200 	ld	de,#_Hero + 0 + 13
                            201 ; genAssign (pointer)
   0051 3E 42               202 	ld	a,#0x42
   0053 12                  203 	ld	(de),a
                            204 ; genPlus
                            205 ; genPlusIncr
   0054 11 10 00            206 	ld	de,#_Hero + 0 + 14
                            207 ; genAssign (pointer)
   0057 3E 7E               208 	ld	a,#0x7E
   0059 12                  209 	ld	(de),a
                            210 ; genPlus
                            211 ; genPlusIncr
   005A 11 11 00            212 	ld	de,#_Hero + 0 + 15
                            213 ; genAssign (pointer)
   005D 3E 7E               214 	ld	a,#0x7E
   005F 12                  215 	ld	(de),a
                            216 ; genPlus
                            217 ; genPlusIncr
   0060 11 12 00            218 	ld	de,#_Hero + 0 + 16
                            219 ; genAssign (pointer)
   0063 3E 7E               220 	ld	a,#0x7E
   0065 12                  221 	ld	(de),a
                            222 ; genPlus
                            223 ; genPlusIncr
   0066 11 13 00            224 	ld	de,#_Hero + 0 + 17
                            225 ; genAssign (pointer)
   0069 3E 7E               226 	ld	a,#0x7E
   006B 12                  227 	ld	(de),a
                            228 ; genPlus
                            229 ; genPlusIncr
   006C 11 14 00            230 	ld	de,#_Hero + 0 + 18
                            231 ; genAssign (pointer)
   006F 3E FF               232 	ld	a,#0xFF
   0071 12                  233 	ld	(de),a
                            234 ; genPlus
                            235 ; genPlusIncr
   0072 11 15 00            236 	ld	de,#_Hero + 0 + 19
                            237 ; genAssign (pointer)
   0075 3E 81               238 	ld	a,#0x81
   0077 12                  239 	ld	(de),a
                            240 ; genPlus
                            241 ; genPlusIncr
   0078 11 16 00            242 	ld	de,#_Hero + 0 + 20
                            243 ; genAssign (pointer)
   007B 3E FF               244 	ld	a,#0xFF
   007D 12                  245 	ld	(de),a
                            246 ; genPlus
                            247 ; genPlusIncr
   007E 11 17 00            248 	ld	de,#_Hero + 0 + 21
                            249 ; genAssign (pointer)
   0081 3E A5               250 	ld	a,#0xA5
   0083 12                  251 	ld	(de),a
                            252 ; genPlus
                            253 ; genPlusIncr
   0084 11 18 00            254 	ld	de,#_Hero + 0 + 22
                            255 ; genAssign (pointer)
   0087 3E FF               256 	ld	a,#0xFF
   0089 12                  257 	ld	(de),a
                            258 ; genPlus
                            259 ; genPlusIncr
   008A 11 19 00            260 	ld	de,#_Hero + 0 + 23
                            261 ; genAssign (pointer)
   008D 3E A5               262 	ld	a,#0xA5
   008F 12                  263 	ld	(de),a
                            264 ; genPlus
                            265 ; genPlusIncr
   0090 11 1A 00            266 	ld	de,#_Hero + 0 + 24
                            267 ; genAssign (pointer)
   0093 3E FF               268 	ld	a,#0xFF
   0095 12                  269 	ld	(de),a
                            270 ; genPlus
                            271 ; genPlusIncr
   0096 11 1B 00            272 	ld	de,#_Hero + 0 + 25
                            273 ; genAssign (pointer)
   0099 3E C3               274 	ld	a,#0xC3
   009B 12                  275 	ld	(de),a
                            276 ; genPlus
                            277 ; genPlusIncr
   009C 11 1C 00            278 	ld	de,#_Hero + 0 + 26
                            279 ; genAssign (pointer)
   009F 3E 7E               280 	ld	a,#0x7E
   00A1 12                  281 	ld	(de),a
                            282 ; genPlus
                            283 ; genPlusIncr
   00A2 11 1D 00            284 	ld	de,#_Hero + 0 + 27
                            285 ; genAssign (pointer)
   00A5 3E 5A               286 	ld	a,#0x5A
   00A7 12                  287 	ld	(de),a
                            288 ; genPlus
                            289 ; genPlusIncr
   00A8 11 1E 00            290 	ld	de,#_Hero + 0 + 28
                            291 ; genAssign (pointer)
   00AB 3E FF               292 	ld	a,#0xFF
   00AD 12                  293 	ld	(de),a
                            294 ; genPlus
                            295 ; genPlusIncr
   00AE 11 1F 00            296 	ld	de,#_Hero + 0 + 29
                            297 ; genAssign (pointer)
   00B1 3E 99               298 	ld	a,#0x99
   00B3 12                  299 	ld	(de),a
                            300 ; genPlus
                            301 ; genPlusIncr
   00B4 11 20 00            302 	ld	de,#_Hero + 0 + 30
                            303 ; genAssign (pointer)
   00B7 3E 7E               304 	ld	a,#0x7E
   00B9 12                  305 	ld	(de),a
                            306 ; genPlus
                            307 ; genPlusIncr
   00BA 11 21 00            308 	ld	de,#_Hero + 0 + 31
                            309 ; genAssign (pointer)
   00BD 3E 42               310 	ld	a,#0x42
   00BF 12                  311 	ld	(de),a
                            312 ;--------------------------------------------------------
                            313 ; Home
                            314 ;--------------------------------------------------------
                            315 	.area _HOME
                            316 	.area _CODE
                            317 ;--------------------------------------------------------
                            318 ; code
                            319 ;--------------------------------------------------------
                            320 	.area _CODE
                            321 ;	main.c 23
                            322 ; genLabel
                            323 ; genFunction
                            324 ;	---------------------------------
                            325 ; Function perfDelay
                            326 ; ---------------------------------
   0000                     327 ___perfDelay_start:
   0000                     328 _perfDelay:
   0000 C5                  329 	push	bc
                            330 	
                            331 ;	main.c 25
                            332 ; genAssign
   0001 0E 00               333 	ld	c,#0x00
                            334 ; genLabel
   0003                     335 00101$:
                            336 ; genCmpLt
                            337 ; AOP_STK for 
   0003 AF                  338 	xor	a,a
   0004 79                  339 	ld	a,c
   0005 F8 04               340 	lda	hl,4(sp)
   0007 9E                  341 	sbc	a,(hl) ; 2
   0008 D2 12 00            342 	jp	nc,00105$
                            343 ;	main.c 26
                            344 ; genCall
   000B CD 00 00            345 	call	_wait_vbl_done
                            346 ;	main.c 25
                            347 ; genPlus
                            348 ; genPlusIncr
   000E 0C                  349 	inc	c
                            350 ; genGoto
   000F C3 03 00            351 	jp	00101$
                            352 ; genLabel
   0012                     353 00105$:
                            354 ; genEndFunction
                            355 	
   0012 C1                  356 	pop	bc
   0013 C9                  357 	ret
   0014                     358 ___perfDelay_end:
                            359 ;	main.c 31
                            360 ; genLabel
                            361 ; genFunction
                            362 ;	---------------------------------
                            363 ; Function main
                            364 ; ---------------------------------
   0014                     365 ___main_start:
   0014                     366 _main:
   0014 C5                  367 	push	bc
   0015 E8 FD               368 	lda	sp,-3(sp)
                            369 ;	main.c 33
                            370 ; genIpush
   0017 21 02 00            371 	ld	hl,#_Hero + 0
   001A E5                  372 	push	hl
                            373 ; genIpush
   001B 3E 02               374 	ld	a,#0x02
   001D F5                  375 	push	af
   001E 33                  376 	inc	sp
                            377 ; genIpush
   001F 3E 00               378 	ld	a,#0x00
   0021 F5                  379 	push	af
   0022 33                  380 	inc	sp
                            381 ; genCall
   0023 CD 00 00            382 	call	_set_sprite_data
   0026 E8 04               383 	lda	sp,4(sp)
                            384 ;	main.c 34
                            385 ; genIpush
   0028 3E 00               386 	ld	a,#0x00
   002A F5                  387 	push	af
   002B 33                  388 	inc	sp
                            389 ; genIpush
   002C 3E 00               390 	ld	a,#0x00
   002E F5                  391 	push	af
   002F 33                  392 	inc	sp
                            393 ; genCall
   0030 CD 00 00            394 	call	_set_sprite_tile
   0033 E8 02               395 	lda	sp,2(sp)
                            396 ;	main.c 36
                            397 ; genAssign (pointer)
   0035 11 00 00            398 	ld	de,#_playerlocation + 0
   0038 3E 54               399 	ld	a,#0x54
   003A 12                  400 	ld	(de),a
                            401 ;	main.c 37
                            402 ; genPlus
                            403 ; AOP_STK for _main_sloc1_1_0
                            404 ; genPlusIncr
                            405 ;	genPlusIncr failed
   003B 11 00 00            406 	ld	de,#_playerlocation + 0
   003E 21 01 00            407 	ld	hl,#0x0001
   0041 19                  408 	add	hl,de
   0042 7D                  409 	ld	a,l
   0043 54                  410 	ld	d,h
   0044 F8 00               411 	lda	hl,0(sp)
   0046 22                  412 	ld	(hl+),a
   0047 72                  413 	ld	(hl),d
                            414 ; genAssign (pointer)
                            415 ; AOP_STK for _main_sloc1_1_0
   0048 2B                  416 	dec	hl
   0049 5E                  417 	ld	e,(hl)
   004A 23                  418 	inc	hl
   004B 56                  419 	ld	d,(hl)
   004C 3E 50               420 	ld	a,#0x50
   004E 12                  421 	ld	(de),a
                            422 ;	main.c 39
                            423 ; genPointerGet
                            424 ; AOP_STK for _main_sloc1_1_0
                            425 ; AOP_STK for _main_sloc0_1_0
   004F 2B                  426 	dec	hl
   0050 5E                  427 	ld	e,(hl)
   0051 23                  428 	inc	hl
   0052 56                  429 	ld	d,(hl)
   0053 1A                  430 	ld	a,(de)
   0054 23                  431 	inc	hl
   0055 77                  432 	ld	(hl),a
                            433 ; genPointerGet
   0056 11 00 00            434 	ld	de,#_playerlocation + 0
   0059 1A                  435 	ld	a,(de)
   005A 4F                  436 	ld	c,a
                            437 ; genIpush
                            438 ; AOP_STK for _main_sloc0_1_0
   005B 7E                  439 	ld	a,(hl)
   005C F5                  440 	push	af
   005D 33                  441 	inc	sp
                            442 ; genIpush
   005E 79                  443 	ld	a,c
   005F F5                  444 	push	af
   0060 33                  445 	inc	sp
                            446 ; genIpush
   0061 3E 00               447 	ld	a,#0x00
   0063 F5                  448 	push	af
   0064 33                  449 	inc	sp
                            450 ; genCall
   0065 CD 00 00            451 	call	_move_sprite
   0068 E8 03               452 	lda	sp,3(sp)
                            453 ;	main.c 41
                            454 ; genOr
                            455 ; AOP_SFR for _LCDC_REG
                            456 ; Type res[4] = l[4]&r[1]
                            457 ; Size res[1] = l[1]&r[1]
   006A F0 00               458 	ldh	a,(_LCDC_REG+0) ; x
   006C F6 80               459 	or	a,#0x80
   006E E0 00               460 	ldh	(_LCDC_REG+0),a
                            461 ;	main.c 42
                            462 ; genOr
                            463 ; AOP_SFR for _LCDC_REG
                            464 ; Type res[4] = l[4]&r[1]
                            465 ; Size res[1] = l[1]&r[1]
   0070 F0 00               466 	ldh	a,(_LCDC_REG+0) ; x
   0072 F6 02               467 	or	a,#0x02
   0074 E0 00               468 	ldh	(_LCDC_REG+0),a
                            469 ;	main.c 44
                            470 ; genLabel
   0076                     471 00106$:
                            472 ;	main.c 45
                            473 ; genCall
   0076 CD 00 00            474 	call	_joypad
   0079 4B                  475 	ld	c,e
                            476 ; genAnd
   007A 79                  477 	ld	a,c
   007B CB 4F               478 	bit	1,a
   007D CA AD 00            479 	jp	z,00102$
                            480 ;	main.c 46
                            481 ; genPointerGet
   0080 11 00 00            482 	ld	de,#_playerlocation + 0
   0083 1A                  483 	ld	a,(de)
   0084 4F                  484 	ld	c,a
                            485 ; genMinus
   0085 79                  486 	ld	a,c
   0086 C6 FC               487 	add	a,#0xFC
   0088 4F                  488 	ld	c,a
                            489 ; genAssign (pointer)
   0089 11 00 00            490 	ld	de,#_playerlocation + 0
   008C 79                  491 	ld	a,c
   008D 12                  492 	ld	(de),a
                            493 ;	main.c 47
                            494 ; genPointerGet
                            495 ; AOP_STK for _main_sloc1_1_0
   008E F8 00               496 	lda	hl,0(sp)
   0090 5E                  497 	ld	e,(hl)
   0091 23                  498 	inc	hl
   0092 56                  499 	ld	d,(hl)
   0093 1A                  500 	ld	a,(de)
   0094 47                  501 	ld	b,a
                            502 ; genIpush
   0095 78                  503 	ld	a,b
   0096 F5                  504 	push	af
   0097 33                  505 	inc	sp
                            506 ; genIpush
   0098 79                  507 	ld	a,c
   0099 F5                  508 	push	af
   009A 33                  509 	inc	sp
                            510 ; genIpush
   009B 3E 00               511 	ld	a,#0x00
   009D F5                  512 	push	af
   009E 33                  513 	inc	sp
                            514 ; genCall
   009F CD 00 00            515 	call	_move_sprite
   00A2 E8 03               516 	lda	sp,3(sp)
                            517 ;	main.c 48
                            518 ; genIpush
   00A4 3E 05               519 	ld	a,#0x05
   00A6 F5                  520 	push	af
   00A7 33                  521 	inc	sp
                            522 ; genCall
   00A8 CD 00 00            523 	call	_perfDelay
   00AB E8 01               524 	lda	sp,1(sp)
                            525 ; genLabel
   00AD                     526 00102$:
                            527 ;	main.c 51
                            528 ; genCall
   00AD CD 00 00            529 	call	_joypad
   00B0 4B                  530 	ld	c,e
                            531 ; genAnd
   00B1 79                  532 	ld	a,c
   00B2 CB 47               533 	bit	0,a
   00B4 CA 76 00            534 	jp	z,00106$
                            535 ;	main.c 52
                            536 ; genPointerGet
   00B7 11 00 00            537 	ld	de,#_playerlocation + 0
   00BA 1A                  538 	ld	a,(de)
   00BB 4F                  539 	ld	c,a
                            540 ; genPlus
                            541 ; genPlusIncr
   00BC 0C                  542 	inc	c
   00BD 0C                  543 	inc	c
   00BE 0C                  544 	inc	c
   00BF 0C                  545 	inc	c
                            546 ; genAssign (pointer)
   00C0 11 00 00            547 	ld	de,#_playerlocation + 0
   00C3 79                  548 	ld	a,c
   00C4 12                  549 	ld	(de),a
                            550 ;	main.c 53
                            551 ; genPointerGet
                            552 ; AOP_STK for _main_sloc1_1_0
   00C5 F8 00               553 	lda	hl,0(sp)
   00C7 5E                  554 	ld	e,(hl)
   00C8 23                  555 	inc	hl
   00C9 56                  556 	ld	d,(hl)
   00CA 1A                  557 	ld	a,(de)
   00CB 47                  558 	ld	b,a
                            559 ; genIpush
   00CC 78                  560 	ld	a,b
   00CD F5                  561 	push	af
   00CE 33                  562 	inc	sp
                            563 ; genIpush
   00CF 79                  564 	ld	a,c
   00D0 F5                  565 	push	af
   00D1 33                  566 	inc	sp
                            567 ; genIpush
   00D2 3E 00               568 	ld	a,#0x00
   00D4 F5                  569 	push	af
   00D5 33                  570 	inc	sp
                            571 ; genCall
   00D6 CD 00 00            572 	call	_move_sprite
   00D9 E8 03               573 	lda	sp,3(sp)
                            574 ;	main.c 54
                            575 ; genIpush
   00DB 3E 05               576 	ld	a,#0x05
   00DD F5                  577 	push	af
   00DE 33                  578 	inc	sp
                            579 ; genCall
   00DF CD 00 00            580 	call	_perfDelay
   00E2 E8 01               581 	lda	sp,1(sp)
                            582 ; genGoto
   00E4 C3 76 00            583 	jp	00106$
                            584 ; genLabel
   00E7                     585 00108$:
                            586 ; genEndFunction
   00E7 E8 03               587 	lda	sp,3(sp)
   00E9 C1                  588 	pop	bc
   00EA C9                  589 	ret
   00EB                     590 ___main_end:
                            591 	.area _CODE
ASxxxx Assembler V01.75  (GameBoy Z80-like CPU), page 1.

Symbol Table

    _BCPD_REG                          **** GX
    _BCPS_REG                          **** GX
    _BGP_REG                           **** GX
    _DIV_REG                           **** GX
    _DMA_REG                           **** GX
    _HDMA1_REG                         **** GX
    _HDMA2_REG                         **** GX
    _HDMA3_REG                         **** GX
    _HDMA4_REG                         **** GX
    _HDMA5_REG                         **** GX
  1 _Hero                              0002 GR
    _IE_REG                            **** GX
    _IF_REG                            **** GX
    _KEY1_REG                          **** GX
    _LCDC_REG                          **** GX
    _LYC_REG                           **** GX
    _LY_REG                            **** GX
    _NR10_REG                          **** GX
    _NR11_REG                          **** GX
    _NR12_REG                          **** GX
    _NR13_REG                          **** GX
    _NR14_REG                          **** GX
    _NR21_REG                          **** GX
    _NR22_REG                          **** GX
    _NR23_REG                          **** GX
    _NR24_REG                          **** GX
    _NR30_REG                          **** GX
    _NR31_REG                          **** GX
    _NR32_REG                          **** GX
    _NR33_REG                          **** GX
    _NR34_REG                          **** GX
    _NR41_REG                          **** GX
    _NR42_REG                          **** GX
    _NR43_REG                          **** GX
    _NR44_REG                          **** GX
    _NR50_REG                          **** GX
    _NR51_REG                          **** GX
    _NR52_REG                          **** GX
    _OBP0_REG                          **** GX
    _OBP1_REG                          **** GX
    _OCPD_REG                          **** GX
    _OCPS_REG                          **** GX
    _P1_REG                            **** GX
    _RP_REG                            **** GX
    _SB_REG                            **** GX
    _SCX_REG                           **** GX
    _SCY_REG                           **** GX
    _SC_REG                            **** GX
    _STAT_REG                          **** GX
    _SVBK_REG                          **** GX
    _TAC_REG                           **** GX
    _TIMA_REG                          **** GX
    _TMA_REG                           **** GX
    _VBK_REG                           **** GX
    _WX_REG                            **** GX
    _WY_REG                            **** GX
  0 ___main_end                        00EB R
  0 ___main_start                      0014 R
  0 ___perfDelay_end                   0014 R
  0 ___perfDelay_start                 0000 R
    __cpu                              **** GX
    __io_in                            **** GX
    __io_out                           **** GX
    __io_status                        **** GX
    _joypad                            **** GX
  0 _main                              0014 GR
    _move_sprite                       **** GX
  0 _perfDelay                         0000 GR
  1 _playerlocation                    0000 GR
    _set_sprite_data                   **** GX
    _set_sprite_tile                   **** GX
    _sys_time                          **** GX
    _wait_vbl_done                     **** GX

ASxxxx Assembler V01.75  (GameBoy Z80-like CPU), page 2.

Area Table

   0 _CODE                              size   EB   flags 0
   1 _DATA                              size   22   flags 0
   2 _OVERLAY                           size    0   flags 0
   3 _ISEG                              size    0   flags 0
   4 _BSEG                              size    0   flags 0
   5 _XSEG                              size    0   flags 0
   6 _GSINIT                            size   C0   flags 0
   7 _GSFINAL                           size    0   flags 0
   8 _HOME                              size    0   flags 0
