AREA .  .ABS.
	RADIX HEX
	BASE 0000
	SIZE 0000
	ATTRIB ABS OVR
	GLOBALS
		l__HEAP	0000
		l__BSEG	0000
		l_.  .ABS.	0000
		l__GSFINAL	0000
		l__ISEG	0000
		s_.  .ABS.	0000
		s__HEADER	0000
		l__XSEG	0000
		.init	0000
		l__OVERLAY	0000
		l__LIT	0000
		s__SFR	0000
		l__GSINITTAIL	0001
		l__DATA	0026
		l__BSS	0059
		l__GSINIT	00CA
		l__BASE	0125
		l__HOME	01AC
		l__CODE	01C3
		l__HEADER	01E1
		s__CODE	0200
		s__HOME	03C3
		s__BASE	056F
		s__LIT	0694
		s__GSINIT	0694
		s__GSINITTAIL	075E
		s__GSFINAL	075F
		.OAM	C000
		s__DATA	C0A0
		s__BSS	C0C6
		s__HEAP	C11F
		s__BSEG	C11F
		s__ISEG	C11F
		s__XSEG	C11F
		s__OVERLAY	C11F
		.STACK	E000
		.refresh_OAM	FF80
		l__SFR	10000
AREA _CODE
	RADIX HEX
	BASE 0200
	SIZE 01C3
	ATTRIB REL CON
	GLOBALS
		_perfDelay	0200
		_detecSurface	0214
		_jump	0229
		_main	02C7
AREA _HEADER
	RADIX HEX
	BASE 0000
	SIZE 01E1
	ATTRIB ABS OVR
	GLOBALS
		_exit	01D2
AREA _HOME
	RADIX HEX
	BASE 03C3
	SIZE 01AC
	ATTRIB REL CON
	GLOBALS
		.set_mode	03C3
		.remove_VBL	03D3
		.remove_LCD	03D9
		.remove_TIM	03DF
		.remove_SIO	03E5
		.remove_JOY	03EB
		.add_VBL	03F1
		.add_LCD	03F7
		.add_TIM	03FD
		.add_SIO	0403
		.add_JOY	0409
		.remove_int	040F
		.add_int	042F
		.wait_vbl_done	044B
		_wait_vbl_done	044B
		_display_off	0462
		.display_off	0462
		.serial_IO	0483
		_mode	04B2
		_get_mode	04BB
		_enable_interrupts	04C0
		_disable_interrupts	04C2
		_reset	04C4
		.reset	04C4
		_set_interrupts	04CA
		_remove_VBL	04D5
		_remove_LCD	04E0
		_remove_TIM	04EB
		_remove_SIO	04F6
		_remove_JOY	0501
		_add_VBL	050C
		_add_LCD	0517
		_add_TIM	0522
		_add_SIO	052D
		_add_JOY	0538
		_clock	0543
		__printTStates	054C
		banked_call	054D
		banked_ret	0566
AREA _BASE
	RADIX HEX
	BASE 056F
	SIZE 0125
	ATTRIB REL CON
	GLOBALS
		.mv_sprite	056F
		_move_sprite	057E
		_set_win_data	058B
		_set_bkg_data	058B
		_set_sprite_data	05D8
		.padup	0607
		_waitpadup	0607
		.jpad	0617
		.wait_pad	0644
		_joypad	064B
		_waitpad	0650
		.set_sprite_tile	065A
		_set_sprite_tile	0667
		.copy_vram	0672
		_get_data	0681
		_set_data	0681
AREA _LIT
	RADIX HEX
	BASE 0694
	SIZE 0000
	ATTRIB REL CON
AREA _GSINIT
	RADIX HEX
	BASE 0694
	SIZE 00CA
	ATTRIB REL CON
	GLOBALS
		gsinit	0694
AREA _GSINITTAIL
	RADIX HEX
	BASE 075E
	SIZE 0001
	ATTRIB REL CON
AREA _GSFINAL
	RADIX HEX
	BASE 075F
	SIZE 0000
	ATTRIB REL CON
AREA _DATA
	RADIX HEX
	BASE C0A0
	SIZE 0026
	ATTRIB REL CON
	GLOBALS
		_playerlocation	C0A0
		_jumping	C0A2
		_currSpeedY	C0A3
		_gravity	C0A4
		_floorYPos	C0A5
		_Hero	C0A6
AREA _BSS
	RADIX HEX
	BASE C0C6
	SIZE 0059
	ATTRIB REL CON
	GLOBALS
		__cpu	C0C6
		.mode	C0C7
		__io_out	C0C8
		__io_in	C0C9
		__io_status	C0CA
		.vbl_done	C0CB
		__current_bank	C0CC
		_sys_time	C0CD
		.sys_time	C0CD
		.int_0x40	C0CF
		.int_0x48	C0DF
		.int_0x50	C0EF
		.int_0x58	C0FF
		.int_0x60	C10F
AREA _HEAP
	RADIX HEX
	BASE C11F
	SIZE 0000
	ATTRIB REL CON
	GLOBALS
		_malloc_heap_start	C11F
AREA _OVERLAY
	RADIX HEX
	BASE C11F
	SIZE 0000
	ATTRIB REL CON
AREA _ISEG
	RADIX HEX
	BASE C11F
	SIZE 0000
	ATTRIB REL CON
AREA _BSEG
	RADIX HEX
	BASE C11F
	SIZE 0000
	ATTRIB REL CON
AREA _XSEG
	RADIX HEX
	BASE C11F
	SIZE 0000
	ATTRIB REL CON
AREA _SFR
	RADIX HEX
	BASE 0000
	SIZE 10000
	ATTRIB ABS OVR
	GLOBALS
		_P1_REG	FF00
		_SB_REG	FF01
		_SC_REG	FF02
		_DIV_REG	FF04
		_TIMA_REG	FF05
		_TMA_REG	FF06
		_TAC_REG	FF07
		_IF_REG	FF0F
		_NR10_REG	FF10
		_NR11_REG	FF11
		_NR12_REG	FF12
		_NR13_REG	FF13
		_NR14_REG	FF14
		_NR21_REG	FF16
		_NR22_REG	FF17
		_NR23_REG	FF18
		_NR24_REG	FF19
		_NR30_REG	FF1A
		_NR31_REG	FF1B
		_NR32_REG	FF1C
		_NR33_REG	FF1D
		_NR34_REG	FF1E
		_NR41_REG	FF20
		_NR42_REG	FF21
		_NR43_REG	FF22
		_NR44_REG	FF23
		_NR50_REG	FF24
		_NR51_REG	FF25
		_NR52_REG	FF26
		_LCDC_REG	FF40
		_STAT_REG	FF41
		_SCY_REG	FF42
		_SCX_REG	FF43
		_LY_REG	FF44
		_LYC_REG	FF45
		_DMA_REG	FF46
		_BGP_REG	FF47
		_OBP0_REG	FF48
		_OBP1_REG	FF49
		_WY_REG	FF4A
		_WX_REG	FF4B
		_KEY1_REG	FF4D
		_VBK_REG	FF4F
		_HDMA1_REG	FF51
		_HDMA2_REG	FF52
		_HDMA3_REG	FF53
		_HDMA4_REG	FF54
		_HDMA5_REG	FF55
		_RP_REG	FF56
		_BCPS_REG	FF68
		_BCPD_REG	FF69
		_OCPS_REG	FF6A
		_OCPD_REG	FF6B
		_SVBK_REG	FF70
		_IE_REG	FFFF
MODULES
	FILE c:\gbdk\lib/small/asxxxx/gb/crt0.o
		NAME Runtime
	FILE main.o
		NAME lcc30840
LIBRARIES
	LIBRARY c:\gbdk\lib/small/asxxxx/gb/gb.lib
		MODULE sfr.o
	LIBRARY c:\gbdk\lib/small/asxxxx/gb/gb.lib
		MODULE mv_spr.o
	LIBRARY c:\gbdk\lib/small/asxxxx/gb/gb.lib
		MODULE set_data.o
	LIBRARY c:\gbdk\lib/small/asxxxx/gb/gb.lib
		MODULE pad.o
	LIBRARY c:\gbdk\lib/small/asxxxx/gb/gb.lib
		MODULE set_spr.o
	LIBRARY c:\gbdk\lib/small/asxxxx/gb/gb.lib
		MODULE cpy_data.o
USERBASEDEF
	_CODE=0x0200
	_DATA=0xC0A0
	_CODE_1=0x4000
USERGLOBALDEF
	.OAM=0xC000
	.STACK=0xE000
	.refresh_OAM=0xFF80
	.init=0x0000
