AREA .  .ABS.
	RADIX HEX
	BASE 0000
	SIZE 0000
	ATTRIB ABS OVR
	GLOBALS
		l__HEAP	0000
		l__BSEG	0000
		l_.  .ABS.	0000
		l__GSFINAL	0000
		l__ISEG	0000
		s_.  .ABS.	0000
		s__HEADER	0000
		l__XSEG	0000
		.init	0000
		l__OVERLAY	0000
		l__LIT	0000
		s__SFR	0000
		l__GSINITTAIL	0001
		l__BSS	0059
		l__BASE	0125
		l__HOME	01AC
		l__HEADER	01E1
		s__CODE	0200
		l__CODE	0393
		l__DATA	0510
		s__HOME	0593
		s__BASE	073F
		s__LIT	0864
		s__GSINIT	0864
		l__GSINIT	1E00
		s__GSINITTAIL	2664
		s__GSFINAL	2665
		.OAM	C000
		s__DATA	C0A0
		s__BSS	C5B0
		s__HEAP	C609
		s__BSEG	C609
		s__ISEG	C609
		s__XSEG	C609
		s__OVERLAY	C609
		.STACK	E000
		.refresh_OAM	FF80
		l__SFR	10000
AREA _CODE
	RADIX HEX
	BASE 0200
	SIZE 0393
	ATTRIB REL CON
	GLOBALS
		_moveMetaSprite	0200
		_setupMetaSprite	0287
		_perfDelay	035E
		_checkScreenLimit	0372
		_main	03EB
AREA _HEADER
	RADIX HEX
	BASE 0000
	SIZE 01E1
	ATTRIB ABS OVR
	GLOBALS
		_exit	01D2
AREA _HOME
	RADIX HEX
	BASE 0593
	SIZE 01AC
	ATTRIB REL CON
	GLOBALS
		.set_mode	0593
		.remove_VBL	05A3
		.remove_LCD	05A9
		.remove_TIM	05AF
		.remove_SIO	05B5
		.remove_JOY	05BB
		.add_VBL	05C1
		.add_LCD	05C7
		.add_TIM	05CD
		.add_SIO	05D3
		.add_JOY	05D9
		.remove_int	05DF
		.add_int	05FF
		.wait_vbl_done	061B
		_wait_vbl_done	061B
		_display_off	0632
		.display_off	0632
		.serial_IO	0653
		_mode	0682
		_get_mode	068B
		_enable_interrupts	0690
		_disable_interrupts	0692
		_reset	0694
		.reset	0694
		_set_interrupts	069A
		_remove_VBL	06A5
		_remove_LCD	06B0
		_remove_TIM	06BB
		_remove_SIO	06C6
		_remove_JOY	06D1
		_add_VBL	06DC
		_add_LCD	06E7
		_add_TIM	06F2
		_add_SIO	06FD
		_add_JOY	0708
		_clock	0713
		__printTStates	071C
		banked_call	071D
		banked_ret	0736
AREA _BASE
	RADIX HEX
	BASE 073F
	SIZE 0125
	ATTRIB REL CON
	GLOBALS
		.mv_sprite	073F
		_move_sprite	074E
		_set_win_data	075B
		_set_bkg_data	075B
		_set_sprite_data	07A8
		.padup	07D7
		_waitpadup	07D7
		.jpad	07E7
		.wait_pad	0814
		_joypad	081B
		_waitpad	0820
		.set_sprite_tile	082A
		_set_sprite_tile	0837
		.copy_vram	0842
		_get_data	0851
		_set_data	0851
AREA _LIT
	RADIX HEX
	BASE 0864
	SIZE 0000
	ATTRIB REL CON
AREA _GSINIT
	RADIX HEX
	BASE 0864
	SIZE 1E00
	ATTRIB REL CON
	GLOBALS
		gsinit	0864
AREA _GSINITTAIL
	RADIX HEX
	BASE 2664
	SIZE 0001
	ATTRIB REL CON
AREA _GSFINAL
	RADIX HEX
	BASE 2665
	SIZE 0000
	ATTRIB REL CON
AREA _DATA
	RADIX HEX
	BASE C0A0
	SIZE 0510
	ATTRIB REL CON
	GLOBALS
		_CharSprites	C0A0
		_ship	C5A0
		_alien	C5A8
AREA _BSS
	RADIX HEX
	BASE C5B0
	SIZE 0059
	ATTRIB REL CON
	GLOBALS
		__cpu	C5B0
		.mode	C5B1
		__io_out	C5B2
		__io_in	C5B3
		__io_status	C5B4
		.vbl_done	C5B5
		__current_bank	C5B6
		_sys_time	C5B7
		.sys_time	C5B7
		.int_0x40	C5B9
		.int_0x48	C5C9
		.int_0x50	C5D9
		.int_0x58	C5E9
		.int_0x60	C5F9
AREA _HEAP
	RADIX HEX
	BASE C609
	SIZE 0000
	ATTRIB REL CON
	GLOBALS
		_malloc_heap_start	C609
AREA _OVERLAY
	RADIX HEX
	BASE C609
	SIZE 0000
	ATTRIB REL CON
AREA _ISEG
	RADIX HEX
	BASE C609
	SIZE 0000
	ATTRIB REL CON
AREA _BSEG
	RADIX HEX
	BASE C609
	SIZE 0000
	ATTRIB REL CON
AREA _XSEG
	RADIX HEX
	BASE C609
	SIZE 0000
	ATTRIB REL CON
AREA _SFR
	RADIX HEX
	BASE 0000
	SIZE 10000
	ATTRIB ABS OVR
	GLOBALS
		_P1_REG	FF00
		_SB_REG	FF01
		_SC_REG	FF02
		_DIV_REG	FF04
		_TIMA_REG	FF05
		_TMA_REG	FF06
		_TAC_REG	FF07
		_IF_REG	FF0F
		_NR10_REG	FF10
		_NR11_REG	FF11
		_NR12_REG	FF12
		_NR13_REG	FF13
		_NR14_REG	FF14
		_NR21_REG	FF16
		_NR22_REG	FF17
		_NR23_REG	FF18
		_NR24_REG	FF19
		_NR30_REG	FF1A
		_NR31_REG	FF1B
		_NR32_REG	FF1C
		_NR33_REG	FF1D
		_NR34_REG	FF1E
		_NR41_REG	FF20
		_NR42_REG	FF21
		_NR43_REG	FF22
		_NR44_REG	FF23
		_NR50_REG	FF24
		_NR51_REG	FF25
		_NR52_REG	FF26
		_LCDC_REG	FF40
		_STAT_REG	FF41
		_SCY_REG	FF42
		_SCX_REG	FF43
		_LY_REG	FF44
		_LYC_REG	FF45
		_DMA_REG	FF46
		_BGP_REG	FF47
		_OBP0_REG	FF48
		_OBP1_REG	FF49
		_WY_REG	FF4A
		_WX_REG	FF4B
		_KEY1_REG	FF4D
		_VBK_REG	FF4F
		_HDMA1_REG	FF51
		_HDMA2_REG	FF52
		_HDMA3_REG	FF53
		_HDMA4_REG	FF54
		_HDMA5_REG	FF55
		_RP_REG	FF56
		_BCPS_REG	FF68
		_BCPD_REG	FF69
		_OCPS_REG	FF6A
		_OCPD_REG	FF6B
		_SVBK_REG	FF70
		_IE_REG	FFFF
MODULES
	FILE c:\gbdk\lib/small/asxxxx/gb/crt0.o
		NAME Runtime
	FILE main.o
		NAME lcc108400
LIBRARIES
	LIBRARY c:\gbdk\lib/small/asxxxx/gb/gb.lib
		MODULE sfr.o
	LIBRARY c:\gbdk\lib/small/asxxxx/gb/gb.lib
		MODULE mv_spr.o
	LIBRARY c:\gbdk\lib/small/asxxxx/gb/gb.lib
		MODULE set_data.o
	LIBRARY c:\gbdk\lib/small/asxxxx/gb/gb.lib
		MODULE pad.o
	LIBRARY c:\gbdk\lib/small/asxxxx/gb/gb.lib
		MODULE set_spr.o
	LIBRARY c:\gbdk\lib/small/asxxxx/gb/gb.lib
		MODULE cpy_data.o
USERBASEDEF
	_CODE=0x0200
	_DATA=0xC0A0
	_CODE_1=0x4000
USERGLOBALDEF
	.OAM=0xC000
	.STACK=0xE000
	.refresh_OAM=0xFF80
	.init=0x0000
