AREA .  .ABS.
	RADIX HEX
	BASE 0000
	SIZE 0000
	ATTRIB ABS OVR
	GLOBALS
		l__HEAP	0000
		l__BSEG	0000
		l_.  .ABS.	0000
		l__GSFINAL	0000
		l__ISEG	0000
		s_.  .ABS.	0000
		s__HEADER	0000
		l__XSEG	0000
		.init	0000
		l__OVERLAY	0000
		l__LIT	0000
		s__SFR	0000
		l__GSINITTAIL	0001
		l__BSS	0084
		l__HOME	01AC
		l__HEADER	01EB
		s__CODE	0200
		l__DATA	09A3
		l__CODE	0BC5
		s__HOME	0DC5
		s__BASE	0F71
		l__BASE	1BF0
		s__LIT	2B61
		s__GSINIT	2B61
		l__GSINIT	3995
		s__GSINITTAIL	64F6
		s__GSFINAL	64F7
		.OAM	C000
		s__DATA	C0A0
		s__BSS	CA43
		s__HEAP	CAC7
		s__BSEG	CAC7
		s__ISEG	CAC7
		s__XSEG	CAC7
		s__OVERLAY	CAC7
		.STACK	E000
		.refresh_OAM	FF80
		l__SFR	10000
AREA _CODE
	RADIX HEX
	BASE 0200
	SIZE 0BC5
	ATTRIB REL CON
	GLOBALS
		_perfDelay	0200
		_checkScreenLimit	0214
		_jump	0295
		_main	0304
		_putchar	0654
		_setchar	065D
		_gotoxy	0666
		_posx	0671
		_posy	0682
		.adv_gcurs	0693
		.circle	06B0
		.horlin	0753
		.verlin	078B
		.circplot	07E7
		.box	0865
		.line	093B
		.xonly	0A5C
		.yonly	0BAB
		.plot	0BCC
		.wrbyte	0BE9
		.getpix	0C6B
		.wrtchr	0CA0
		_gotogxy	0D04
		_wrtchr	0D0F
		_getpix	0D24
		_color	0D30
		_circle	0D3F
		_box	0D59
		_line	0D7D
		_plot_point	0D95
		_plot	0DA9
AREA _HEADER
	RADIX HEX
	BASE 0000
	SIZE 01EB
	ATTRIB ABS OVR
	GLOBALS
		_exit	01D2
AREA _HOME
	RADIX HEX
	BASE 0DC5
	SIZE 01AC
	ATTRIB REL CON
	GLOBALS
		.set_mode	0DC5
		.remove_VBL	0DD5
		.remove_LCD	0DDB
		.remove_TIM	0DE1
		.remove_SIO	0DE7
		.remove_JOY	0DED
		.add_VBL	0DF3
		.add_LCD	0DF9
		.add_TIM	0DFF
		.add_SIO	0E05
		.add_JOY	0E0B
		.remove_int	0E11
		.add_int	0E31
		.wait_vbl_done	0E4D
		_wait_vbl_done	0E4D
		_display_off	0E64
		.display_off	0E64
		.serial_IO	0E85
		_mode	0EB4
		_get_mode	0EBD
		_enable_interrupts	0EC2
		_disable_interrupts	0EC4
		_reset	0EC6
		.reset	0EC6
		_set_interrupts	0ECC
		_remove_VBL	0ED7
		_remove_LCD	0EE2
		_remove_TIM	0EED
		_remove_SIO	0EF8
		_remove_JOY	0F03
		_add_VBL	0F0E
		_add_LCD	0F19
		_add_TIM	0F24
		_add_SIO	0F2F
		_add_JOY	0F3A
		_clock	0F45
		__printTStates	0F4E
		banked_call	0F4F
		banked_ret	0F68
AREA _BASE
	RADIX HEX
	BASE 0F71
	SIZE 1BF0
	ATTRIB REL CON
	GLOBALS
		font_copy_uncompressed	0F71
		font_copy_compressed	0FA7
		font_load	0FFC
		font_copy_current	1044
		font_set	108C
		.put_char	1099
		.out_char	10B2
		.del_char	10B9
		_font_load	1114
		_font_set	1122
		_font_init	1131
		_cls	1153
		.cls	1153
		.cr_curs	1185
		.adv_curs	119A
		.tmode	11F6
		.tmode_out	121F
		_scroll_bkg	122F
		_move_win	1245
		.mv_sprite	124E
		_move_sprite	125D
		_font_spect	126A
		_set_win_tiles	15EC
		_set_win_data	1600
		_set_bkg_data	1600
		_set_sprite_data	164D
		_font_load_ibm_fixed	167C
		_font_ibm_fixed	1683
		_font_ibm_fixed_tiles	1785
		.gmode	1F85
		.vbl	1FE7
		.lcd	1FF2
		.draw_image	1FFF
		.switch_data	2009
		_switch_data	2040
		_draw_image	205B
		.y_table	206E
		.padup	218E
		_waitpadup	218E
		.jpad	219E
		.wait_pad	21CB
		_joypad	21D2
		_waitpad	21D7
		_font_italic	21E1
		_font_ibm	254B
		.set_sprite_tile	28CD
		_set_sprite_tile	28DA
		.init_vram	28E5
		.init_wtt	28F3
		.init_btt	2903
		.init_tt	2911
		_font_min	2917
		.copy_vram	2AC1
		_get_data	2AD0
		_set_data	2AD0
		_set_bkg_tiles	2AE3
		.set_xy_wtt	2AF7
		.set_xy_btt	2B08
		.set_xy_tt	2B17
		_set_tiles	2B48
AREA _LIT
	RADIX HEX
	BASE 2B61
	SIZE 0000
	ATTRIB REL CON
AREA _GSINIT
	RADIX HEX
	BASE 2B61
	SIZE 3995
	ATTRIB REL CON
	GLOBALS
		gsinit	2B61
AREA _GSINITTAIL
	RADIX HEX
	BASE 64F6
	SIZE 0001
	ATTRIB REL CON
AREA _GSFINAL
	RADIX HEX
	BASE 64F7
	SIZE 0000
	ATTRIB REL CON
AREA _DATA
	RADIX HEX
	BASE C0A0
	SIZE 09A3
	ATTRIB REL CON
	GLOBALS
		_Hero	C0A0
		_WM_startscreen	C140
		_WM_commandscreen	C2A8
		_WM_msgbox	C410
		_BackgroundTiles	C578
		_BackgroundMap	C7F8
		_started	CA38
		_paused	CA39
		_police_char	CA3A
		_jumping	CA3C
		_playerlocation	CA3D
		_currSpeedY	CA3F
		_gravity	CA40
		_roll	CA41
		_rollDirect	CA42
AREA _BSS
	RADIX HEX
	BASE CA43
	SIZE 0084
	ATTRIB REL CON
	GLOBALS
		__cpu	CA43
		.mode	CA44
		__io_out	CA45
		__io_in	CA46
		__io_status	CA47
		.vbl_done	CA48
		__current_bank	CA49
		_sys_time	CA4A
		.sys_time	CA4A
		.int_0x40	CA4C
		.int_0x48	CA5C
		.int_0x50	CA6C
		.int_0x58	CA7C
		.int_0x60	CA8C
		font_current	CA9C
		font_first_free_tile	CA9F
		font_table	CAA0
		.curx	CAB2
		.cury	CAB3
		.fg_colour	CAB4
		.bg_colour	CAB5
AREA _HEAP
	RADIX HEX
	BASE CAC7
	SIZE 0000
	ATTRIB REL CON
	GLOBALS
		_malloc_heap_start	CAC7
AREA _OVERLAY
	RADIX HEX
	BASE CAC7
	SIZE 0000
	ATTRIB REL CON
AREA _ISEG
	RADIX HEX
	BASE CAC7
	SIZE 0000
	ATTRIB REL CON
AREA _BSEG
	RADIX HEX
	BASE CAC7
	SIZE 0000
	ATTRIB REL CON
AREA _XSEG
	RADIX HEX
	BASE CAC7
	SIZE 0000
	ATTRIB REL CON
AREA _SFR
	RADIX HEX
	BASE 0000
	SIZE 10000
	ATTRIB ABS OVR
	GLOBALS
		_P1_REG	FF00
		_SB_REG	FF01
		_SC_REG	FF02
		_DIV_REG	FF04
		_TIMA_REG	FF05
		_TMA_REG	FF06
		_TAC_REG	FF07
		_IF_REG	FF0F
		_NR10_REG	FF10
		_NR11_REG	FF11
		_NR12_REG	FF12
		_NR13_REG	FF13
		_NR14_REG	FF14
		_NR21_REG	FF16
		_NR22_REG	FF17
		_NR23_REG	FF18
		_NR24_REG	FF19
		_NR30_REG	FF1A
		_NR31_REG	FF1B
		_NR32_REG	FF1C
		_NR33_REG	FF1D
		_NR34_REG	FF1E
		_NR41_REG	FF20
		_NR42_REG	FF21
		_NR43_REG	FF22
		_NR44_REG	FF23
		_NR50_REG	FF24
		_NR51_REG	FF25
		_NR52_REG	FF26
		_LCDC_REG	FF40
		_STAT_REG	FF41
		_SCY_REG	FF42
		_SCX_REG	FF43
		_LY_REG	FF44
		_LYC_REG	FF45
		_DMA_REG	FF46
		_BGP_REG	FF47
		_OBP0_REG	FF48
		_OBP1_REG	FF49
		_WY_REG	FF4A
		_WX_REG	FF4B
		_KEY1_REG	FF4D
		_VBK_REG	FF4F
		_HDMA1_REG	FF51
		_HDMA2_REG	FF52
		_HDMA3_REG	FF53
		_HDMA4_REG	FF54
		_HDMA5_REG	FF55
		_RP_REG	FF56
		_BCPS_REG	FF68
		_BCPD_REG	FF69
		_OCPS_REG	FF6A
		_OCPD_REG	FF6B
		_SVBK_REG	FF70
		_IE_REG	FFFF
MODULES
	FILE c:\gbdk\lib/small/asxxxx/gb/crt0.o
		NAME Runtime
	FILE main.o
		NAME lcc121600
LIBRARIES
	LIBRARY c:\gbdk\lib/small/asxxxx/gb/gb.lib
		MODULE sfr.o
	LIBRARY c:\gbdk\lib/small/asxxxx/gb/gb.lib
		MODULE font.o
	LIBRARY c:\gbdk\lib/small/asxxxx/gb/gb.lib
		MODULE scroll_b.o
	LIBRARY c:\gbdk\lib/small/asxxxx/gb/gb.lib
		MODULE mv_win.o
	LIBRARY c:\gbdk\lib/small/asxxxx/gb/gb.lib
		MODULE mv_spr.o
	LIBRARY c:\gbdk\lib/small/asxxxx/gb/gb.lib
		MODULE f_spect.o
	LIBRARY c:\gbdk\lib/small/asxxxx/gb/gb.lib
		MODULE set_wi_t.o
	LIBRARY c:\gbdk\lib/small/asxxxx/gb/gb.lib
		MODULE set_data.o
	LIBRARY c:\gbdk\lib/small/asxxxx/gb/gb.lib
		MODULE ibmfixed.o
	LIBRARY c:\gbdk\lib/small/asxxxx/gb/gb.lib
		MODULE drawing.o
	LIBRARY c:\gbdk\lib/small/asxxxx/gb/gb.lib
		MODULE pad.o
	LIBRARY c:\gbdk\lib/small/asxxxx/gb/gb.lib
		MODULE f_italic.o
	LIBRARY c:\gbdk\lib/small/asxxxx/gb/gb.lib
		MODULE f_ibm_sh.o
	LIBRARY c:\gbdk\lib/small/asxxxx/gb/gb.lib
		MODULE set_spr.o
	LIBRARY c:\gbdk\lib/small/asxxxx/gb/gb.lib
		MODULE init_tt.o
	LIBRARY c:\gbdk\lib/small/asxxxx/gb/gb.lib
		MODULE f_min.o
	LIBRARY c:\gbdk\lib/small/asxxxx/gb/gb.lib
		MODULE cpy_data.o
	LIBRARY c:\gbdk\lib/small/asxxxx/gb/gb.lib
		MODULE set_bk_t.o
	LIBRARY c:\gbdk\lib/small/asxxxx/gb/gb.lib
		MODULE set_xy_t.o
USERBASEDEF
	_CODE=0x0200
	_DATA=0xC0A0
	_CODE_1=0x4000
USERGLOBALDEF
	.OAM=0xC000
	.STACK=0xE000
	.refresh_OAM=0xFF80
	.init=0x0000
