AREA .  .ABS.
	RADIX HEX
	BASE 0000
	SIZE 0000
	ATTRIB ABS OVR
	GLOBALS
		l__HEAP	0000
		l__BSEG	0000
		l_.  .ABS.	0000
		l__GSFINAL	0000
		l__ISEG	0000
		s_.  .ABS.	0000
		s__HEADER	0000
		l__XSEG	0000
		.init	0000
		l__OVERLAY	0000
		l__LIT	0000
		s__SFR	0000
		l__GSINITTAIL	0001
		l__BSS	0059
		l__HOME	01AC
		l__HEADER	01E1
		s__CODE	0200
		l__BASE	020D
		l__DATA	067B
		l__CODE	0E91
		s__HOME	1091
		s__BASE	123D
		s__LIT	144A
		s__GSINIT	144A
		l__GSINIT	2670
		s__GSINITTAIL	3ABA
		s__GSFINAL	3ABB
		.OAM	C000
		s__DATA	C0A0
		s__BSS	C71B
		s__HEAP	C774
		s__BSEG	C774
		s__ISEG	C774
		s__XSEG	C774
		s__OVERLAY	C774
		.STACK	E000
		.refresh_OAM	FF80
		l__SFR	10000
AREA _CODE
	RADIX HEX
	BASE 0200
	SIZE 0E91
	ATTRIB REL CON
	GLOBALS
		_perfDelay	0200
		_SplashscreenMap	0214
		_SplashscreenTiles	037C
		_fadeOut	09CC
		_fadeIn	0A17
		_TextConf	0A62
		_TextVisualOutput	0A68
		_TextDel	0A82
		_TextAdd	0AAF
		_KeyboardInput	0B0C
		_dansClavier	0B9E
		_main	0C07
AREA _HEADER
	RADIX HEX
	BASE 0000
	SIZE 01E1
	ATTRIB ABS OVR
	GLOBALS
		_exit	01D2
AREA _HOME
	RADIX HEX
	BASE 1091
	SIZE 01AC
	ATTRIB REL CON
	GLOBALS
		.set_mode	1091
		.remove_VBL	10A1
		.remove_LCD	10A7
		.remove_TIM	10AD
		.remove_SIO	10B3
		.remove_JOY	10B9
		.add_VBL	10BF
		.add_LCD	10C5
		.add_TIM	10CB
		.add_SIO	10D1
		.add_JOY	10D7
		.remove_int	10DD
		.add_int	10FD
		.wait_vbl_done	1119
		_wait_vbl_done	1119
		_display_off	1130
		.display_off	1130
		.serial_IO	1151
		_mode	1180
		_get_mode	1189
		_enable_interrupts	118E
		_disable_interrupts	1190
		_reset	1192
		.reset	1192
		_set_interrupts	1198
		_remove_VBL	11A3
		_remove_LCD	11AE
		_remove_TIM	11B9
		_remove_SIO	11C4
		_remove_JOY	11CF
		_add_VBL	11DA
		_add_LCD	11E5
		_add_TIM	11F0
		_add_SIO	11FB
		_add_JOY	1206
		_clock	1211
		__printTStates	121A
		banked_call	121B
		banked_ret	1234
AREA _BASE
	RADIX HEX
	BASE 123D
	SIZE 020D
	ATTRIB REL CON
	GLOBALS
		_scroll_bkg	123D
		.padup	1253
		_waitpadup	1253
		.jpad	1263
		.wait_pad	1290
		_joypad	1297
		_waitpad	129C
		.mv_sprite	12A6
		_move_sprite	12B5
		_set_win_data	12C2
		_set_bkg_data	12C2
		_set_sprite_data	130F
		__mulschar	133E
		__muluchar	133E
		__mulsint	134A
		__muluint	134A
		.mulu16	135E
		.mul16	135E
		.scroll_sprite	1374
		_scroll_sprite	1385
		.set_sprite_tile	1392
		_set_sprite_tile	139F
		.copy_vram	13AA
		_get_data	13B9
		_set_data	13B9
		_set_bkg_tiles	13CC
		.set_xy_wtt	13E0
		.set_xy_btt	13F1
		.set_xy_tt	1400
		_set_tiles	1431
AREA _LIT
	RADIX HEX
	BASE 144A
	SIZE 0000
	ATTRIB REL CON
AREA _GSINIT
	RADIX HEX
	BASE 144A
	SIZE 2670
	ATTRIB REL CON
	GLOBALS
		gsinit	144A
AREA _GSINITTAIL
	RADIX HEX
	BASE 3ABA
	SIZE 0001
	ATTRIB REL CON
AREA _GSFINAL
	RADIX HEX
	BASE 3ABB
	SIZE 0000
	ATTRIB REL CON
AREA _DATA
	RADIX HEX
	BASE C0A0
	SIZE 067B
	ATTRIB REL CON
	GLOBALS
		_keyboardMap	C0A0
		_keyboardTiles	C208
		_cursorTiles	C608
		_i	C708
		_souris	C709
		_keydown	C70D
		_txt	C70E
		_txtNbr	C719
		_txtConf	C71A
AREA _BSS
	RADIX HEX
	BASE C71B
	SIZE 0059
	ATTRIB REL CON
	GLOBALS
		__cpu	C71B
		.mode	C71C
		__io_out	C71D
		__io_in	C71E
		__io_status	C71F
		.vbl_done	C720
		__current_bank	C721
		_sys_time	C722
		.sys_time	C722
		.int_0x40	C724
		.int_0x48	C734
		.int_0x50	C744
		.int_0x58	C754
		.int_0x60	C764
AREA _HEAP
	RADIX HEX
	BASE C774
	SIZE 0000
	ATTRIB REL CON
	GLOBALS
		_malloc_heap_start	C774
AREA _OVERLAY
	RADIX HEX
	BASE C774
	SIZE 0000
	ATTRIB REL CON
AREA _ISEG
	RADIX HEX
	BASE C774
	SIZE 0000
	ATTRIB REL CON
AREA _BSEG
	RADIX HEX
	BASE C774
	SIZE 0000
	ATTRIB REL CON
AREA _XSEG
	RADIX HEX
	BASE C774
	SIZE 0000
	ATTRIB REL CON
AREA _SFR
	RADIX HEX
	BASE 0000
	SIZE 10000
	ATTRIB ABS OVR
	GLOBALS
		_P1_REG	FF00
		_SB_REG	FF01
		_SC_REG	FF02
		_DIV_REG	FF04
		_TIMA_REG	FF05
		_TMA_REG	FF06
		_TAC_REG	FF07
		_IF_REG	FF0F
		_NR10_REG	FF10
		_NR11_REG	FF11
		_NR12_REG	FF12
		_NR13_REG	FF13
		_NR14_REG	FF14
		_NR21_REG	FF16
		_NR22_REG	FF17
		_NR23_REG	FF18
		_NR24_REG	FF19
		_NR30_REG	FF1A
		_NR31_REG	FF1B
		_NR32_REG	FF1C
		_NR33_REG	FF1D
		_NR34_REG	FF1E
		_NR41_REG	FF20
		_NR42_REG	FF21
		_NR43_REG	FF22
		_NR44_REG	FF23
		_NR50_REG	FF24
		_NR51_REG	FF25
		_NR52_REG	FF26
		_LCDC_REG	FF40
		_STAT_REG	FF41
		_SCY_REG	FF42
		_SCX_REG	FF43
		_LY_REG	FF44
		_LYC_REG	FF45
		_DMA_REG	FF46
		_BGP_REG	FF47
		_OBP0_REG	FF48
		_OBP1_REG	FF49
		_WY_REG	FF4A
		_WX_REG	FF4B
		_KEY1_REG	FF4D
		_VBK_REG	FF4F
		_HDMA1_REG	FF51
		_HDMA2_REG	FF52
		_HDMA3_REG	FF53
		_HDMA4_REG	FF54
		_HDMA5_REG	FF55
		_RP_REG	FF56
		_BCPS_REG	FF68
		_BCPD_REG	FF69
		_OCPS_REG	FF6A
		_OCPD_REG	FF6B
		_SVBK_REG	FF70
		_IE_REG	FFFF
MODULES
	FILE c:\gbdk\lib/small/asxxxx/gb/crt0.o
		NAME Runtime
	FILE main.o
		NAME lcc36720
LIBRARIES
	LIBRARY c:\gbdk\lib/small/asxxxx/gb/gb.lib
		MODULE sfr.o
	LIBRARY c:\gbdk\lib/small/asxxxx/gb/gb.lib
		MODULE scroll_b.o
	LIBRARY c:\gbdk\lib/small/asxxxx/gb/gb.lib
		MODULE pad.o
	LIBRARY c:\gbdk\lib/small/asxxxx/gb/gb.lib
		MODULE mv_spr.o
	LIBRARY c:\gbdk\lib/small/asxxxx/gb/gb.lib
		MODULE set_data.o
	LIBRARY c:\gbdk\lib/small/asxxxx/gbz80/gbz80.lib
		MODULE mul.o
	LIBRARY c:\gbdk\lib/small/asxxxx/gb/gb.lib
		MODULE scroll_s.o
	LIBRARY c:\gbdk\lib/small/asxxxx/gb/gb.lib
		MODULE set_spr.o
	LIBRARY c:\gbdk\lib/small/asxxxx/gb/gb.lib
		MODULE cpy_data.o
	LIBRARY c:\gbdk\lib/small/asxxxx/gb/gb.lib
		MODULE set_bk_t.o
	LIBRARY c:\gbdk\lib/small/asxxxx/gb/gb.lib
		MODULE set_xy_t.o
USERBASEDEF
	_CODE=0x0200
	_DATA=0xC0A0
	_CODE_1=0x4000
USERGLOBALDEF
	.OAM=0xC000
	.STACK=0xE000
	.refresh_OAM=0xFF80
	.init=0x0000
