AREA .  .ABS.
	RADIX HEX
	BASE 0000
	SIZE 0000
	ATTRIB ABS OVR
	GLOBALS
		l__HEAP	0000
		l__BSEG	0000
		l_.  .ABS.	0000
		l__GSFINAL	0000
		l__ISEG	0000
		s_.  .ABS.	0000
		s__HEADER	0000
		l__XSEG	0000
		.init	0000
		l__OVERLAY	0000
		l__LIT	0000
		s__SFR	0000
		l__GSINITTAIL	0001
		l__BSS	0087
		l__HEADER	01EB
		s__CODE	0200
		l__HOME	04AF
		l__DATA	053F
		l__BASE	10DE
		l__CODE	156C
		s__HOME	176C
		s__BASE	1C1B
		l__GSINIT	1F20
		s__LIT	2CF9
		s__GSINIT	2CF9
		s__GSINITTAIL	4C19
		s__GSFINAL	4C1A
		.OAM	C000
		s__DATA	C0A0
		s__BSS	C5DF
		s__HEAP	C666
		s__BSEG	C666
		s__ISEG	C666
		s__XSEG	C666
		s__OVERLAY	C666
		.STACK	E000
		.refresh_OAM	FF80
		l__SFR	10000
AREA _CODE
	RADIX HEX
	BASE 0200
	SIZE 156C
	ATTRIB REL CON
	GLOBALS
		_perfDelay	0200
		_TerrainMapComplet	0214
		_dansEcran	0CA0
		_main	0D09
		_putchar	0FFB
		_setchar	1004
		_gotoxy	100D
		_posx	1018
		_posy	1029
		.adv_gcurs	103A
		.circle	1057
		.horlin	10FA
		.verlin	1132
		.circplot	118E
		.box	120C
		.line	12E2
		.xonly	1403
		.yonly	1552
		.plot	1573
		.wrbyte	1590
		.getpix	1612
		.wrtchr	1647
		_gotogxy	16AB
		_wrtchr	16B6
		_getpix	16CB
		_color	16D7
		_circle	16E6
		_box	1700
		_line	1724
		_plot_point	173C
		_plot	1750
AREA _HEADER
	RADIX HEX
	BASE 0000
	SIZE 01EB
	ATTRIB ABS OVR
	GLOBALS
		_exit	01D2
AREA _HOME
	RADIX HEX
	BASE 176C
	SIZE 04AF
	ATTRIB REL CON
	GLOBALS
		.set_mode	176C
		.remove_VBL	177C
		.remove_LCD	1782
		.remove_TIM	1788
		.remove_SIO	178E
		.remove_JOY	1794
		.add_VBL	179A
		.add_LCD	17A0
		.add_TIM	17A6
		.add_SIO	17AC
		.add_JOY	17B2
		.remove_int	17B8
		.add_int	17D8
		.wait_vbl_done	17F4
		_wait_vbl_done	17F4
		_display_off	180B
		.display_off	180B
		.serial_IO	182C
		_mode	185B
		_get_mode	1864
		_enable_interrupts	1869
		_disable_interrupts	186B
		_reset	186D
		.reset	186D
		_set_interrupts	1873
		_remove_VBL	187E
		_remove_LCD	1889
		_remove_TIM	1894
		_remove_SIO	189F
		_remove_JOY	18AA
		_add_VBL	18B5
		_add_LCD	18C0
		_add_TIM	18CB
		_add_SIO	18D6
		_add_JOY	18E1
		_clock	18EC
		__printTStates	18F5
		banked_call	18F6
		banked_ret	190F
		_printf	1918
		_sprintf	1947
AREA _BASE
	RADIX HEX
	BASE 1C1B
	SIZE 10DE
	ATTRIB REL CON
	GLOBALS
		_scroll_bkg	1C1B
		.mv_sprite	1C31
		_move_sprite	1C40
		__mulschar	1C4D
		__muluchar	1C4D
		__mulsint	1C59
		__muluint	1C59
		.mulu16	1C6D
		.mul16	1C6D
		_set_win_data	1C83
		_set_bkg_data	1C83
		_set_sprite_data	1CD0
		.padup	1CFF
		_waitpadup	1CFF
		.jpad	1D0F
		.wait_pad	1D3C
		_joypad	1D43
		_waitpad	1D48
		.set_sprite_tile	1D52
		_set_sprite_tile	1D5F
		__modslong	1D6A
		__divslong	1D6A
		__mulslong	1D6A
		__divschar	1D6B
		__modschar	1D77
		__divsint	1D82
		__modsint	1D93
		__divuchar	1DA2
		__moduchar	1DAE
		__divuint	1DB9
		__moduint	1DCA
		.mod8	1DD9
		.div8	1DD9
		.mod16	1DE1
		.div16	1DE1
		.modu8	1E17
		.divu8	1E17
		.modu16	1E1A
		.divu16	1E1A
		.copy_vram	1E57
		_get_data	1E66
		_set_data	1E66
		_set_bkg_tiles	1E79
		font_copy_uncompressed	1E8D
		font_copy_compressed	1EC3
		font_load	1F18
		font_copy_current	1F60
		font_set	1FA8
		.put_char	1FB5
		.out_char	1FCE
		.del_char	1FD5
		_font_load	2030
		_font_set	203E
		_font_init	204D
		_cls	206F
		.cls	206F
		.cr_curs	20A1
		.adv_curs	20B6
		.tmode	2112
		.tmode_out	213B
		_font_load_ibm_fixed	214B
		_font_ibm_fixed	2152
		_font_ibm_fixed_tiles	2254
		.gmode	2A54
		.vbl	2AB6
		.lcd	2AC1
		.draw_image	2ACE
		.switch_data	2AD8
		_switch_data	2B0F
		_draw_image	2B2A
		.y_table	2B3D
		.set_xy_wtt	2C5D
		.set_xy_btt	2C6E
		.set_xy_tt	2C7D
		_set_tiles	2CAE
		.init_vram	2CC7
		.init_wtt	2CD5
		.init_btt	2CE5
		.init_tt	2CF3
AREA _LIT
	RADIX HEX
	BASE 2CF9
	SIZE 0000
	ATTRIB REL CON
AREA _GSINIT
	RADIX HEX
	BASE 2CF9
	SIZE 1F20
	ATTRIB REL CON
	GLOBALS
		gsinit	2CF9
AREA _GSINITTAIL
	RADIX HEX
	BASE 4C19
	SIZE 0001
	ATTRIB REL CON
AREA _GSFINAL
	RADIX HEX
	BASE 4C1A
	SIZE 0000
	ATTRIB REL CON
AREA _DATA
	RADIX HEX
	BASE C0A0
	SIZE 053F
	ATTRIB REL CON
	GLOBALS
		_HeroTiles	C0A0
		_TerrainTiles	C140
		_TerrainMap	C390
		_playerXY	C5D0
		_keydown	C5D2
		_Goal	C5D3
		_AuSol	C5D4
		_col_scrolled	C5D5
		_stage_width	C5D7
		_next_vram	C5D9
		_fin_scroll	C5DB
		_taille_Map	C5DC
		_i	C5DE
AREA _BSS
	RADIX HEX
	BASE C5DF
	SIZE 0087
	ATTRIB REL CON
	GLOBALS
		__cpu	C5DF
		.mode	C5E0
		__io_out	C5E1
		__io_in	C5E2
		__io_status	C5E3
		.vbl_done	C5E4
		__current_bank	C5E5
		_sys_time	C5E6
		.sys_time	C5E6
		.int_0x40	C5E8
		.int_0x48	C5F8
		.int_0x50	C608
		.int_0x58	C618
		.int_0x60	C628
		font_current	C63B
		font_first_free_tile	C63E
		font_table	C63F
		.curx	C651
		.cury	C652
		.fg_colour	C653
		.bg_colour	C654
AREA _HEAP
	RADIX HEX
	BASE C666
	SIZE 0000
	ATTRIB REL CON
	GLOBALS
		_malloc_heap_start	C666
AREA _OVERLAY
	RADIX HEX
	BASE C666
	SIZE 0000
	ATTRIB REL CON
AREA _ISEG
	RADIX HEX
	BASE C666
	SIZE 0000
	ATTRIB REL CON
AREA _BSEG
	RADIX HEX
	BASE C666
	SIZE 0000
	ATTRIB REL CON
AREA _XSEG
	RADIX HEX
	BASE C666
	SIZE 0000
	ATTRIB REL CON
AREA _SFR
	RADIX HEX
	BASE 0000
	SIZE 10000
	ATTRIB ABS OVR
	GLOBALS
		_P1_REG	FF00
		_SB_REG	FF01
		_SC_REG	FF02
		_DIV_REG	FF04
		_TIMA_REG	FF05
		_TMA_REG	FF06
		_TAC_REG	FF07
		_IF_REG	FF0F
		_NR10_REG	FF10
		_NR11_REG	FF11
		_NR12_REG	FF12
		_NR13_REG	FF13
		_NR14_REG	FF14
		_NR21_REG	FF16
		_NR22_REG	FF17
		_NR23_REG	FF18
		_NR24_REG	FF19
		_NR30_REG	FF1A
		_NR31_REG	FF1B
		_NR32_REG	FF1C
		_NR33_REG	FF1D
		_NR34_REG	FF1E
		_NR41_REG	FF20
		_NR42_REG	FF21
		_NR43_REG	FF22
		_NR44_REG	FF23
		_NR50_REG	FF24
		_NR51_REG	FF25
		_NR52_REG	FF26
		_LCDC_REG	FF40
		_STAT_REG	FF41
		_SCY_REG	FF42
		_SCX_REG	FF43
		_LY_REG	FF44
		_LYC_REG	FF45
		_DMA_REG	FF46
		_BGP_REG	FF47
		_OBP0_REG	FF48
		_OBP1_REG	FF49
		_WY_REG	FF4A
		_WX_REG	FF4B
		_KEY1_REG	FF4D
		_VBK_REG	FF4F
		_HDMA1_REG	FF51
		_HDMA2_REG	FF52
		_HDMA3_REG	FF53
		_HDMA4_REG	FF54
		_HDMA5_REG	FF55
		_RP_REG	FF56
		_BCPS_REG	FF68
		_BCPD_REG	FF69
		_OCPS_REG	FF6A
		_OCPD_REG	FF6B
		_SVBK_REG	FF70
		_IE_REG	FFFF
MODULES
	FILE c:\gbdk\lib/small/asxxxx/gb/crt0.o
		NAME Runtime
	FILE main.o
		NAME lcc134880
LIBRARIES
	LIBRARY c:\gbdk\lib/small/asxxxx/gb/gb.lib
		MODULE sfr.o
	LIBRARY c:\gbdk\lib/small/asxxxx/gb/gb.lib
		MODULE scroll_b.o
	LIBRARY c:\gbdk\lib/small/asxxxx/gb/gb.lib
		MODULE mv_spr.o
	LIBRARY c:\gbdk\lib/small/asxxxx/gbz80/gbz80.lib
		MODULE mul.o
	LIBRARY c:\gbdk\lib/small/asxxxx/gb/gb.lib
		MODULE set_data.o
	LIBRARY c:\gbdk\lib/small/asxxxx/gb/gb.lib
		MODULE pad.o
	LIBRARY c:\gbdk\lib/small/asxxxx/gb/gb.lib
		MODULE set_spr.o
	LIBRARY c:\gbdk\lib/small/asxxxx/gbz80/gbz80.lib
		MODULE printf.o
	LIBRARY c:\gbdk\lib/small/asxxxx/gbz80/gbz80.lib
		MODULE div.o
	LIBRARY c:\gbdk\lib/small/asxxxx/gb/gb.lib
		MODULE cpy_data.o
	LIBRARY c:\gbdk\lib/small/asxxxx/gb/gb.lib
		MODULE set_bk_t.o
	LIBRARY c:\gbdk\lib/small/asxxxx/gb/gb.lib
		MODULE font.o
	LIBRARY c:\gbdk\lib/small/asxxxx/gb/gb.lib
		MODULE ibmfixed.o
	LIBRARY c:\gbdk\lib/small/asxxxx/gb/gb.lib
		MODULE drawing.o
	LIBRARY c:\gbdk\lib/small/asxxxx/gb/gb.lib
		MODULE set_xy_t.o
	LIBRARY c:\gbdk\lib/small/asxxxx/gb/gb.lib
		MODULE init_tt.o
USERBASEDEF
	_CODE=0x0200
	_DATA=0xC0A0
	_CODE_1=0x4000
USERGLOBALDEF
	.OAM=0xC000
	.STACK=0xE000
	.refresh_OAM=0xFF80
	.init=0x0000
