AREA .  .ABS.
	RADIX HEX
	BASE 0000
	SIZE 0000
	ATTRIB ABS OVR
	GLOBALS
		l__HEAP	0000
		l__BSEG	0000
		l_.  .ABS.	0000
		l__GSFINAL	0000
		l__ISEG	0000
		s_.  .ABS.	0000
		s__HEADER	0000
		l__XSEG	0000
		.init	0000
		l__OVERLAY	0000
		l__LIT	0000
		s__SFR	0000
		l__GSINITTAIL	0001
		l__DATA	0025
		l__BSS	0087
		l__GSINIT	00C5
		l__HEADER	01EB
		s__CODE	0200
		l__HOME	04AF
		l__CODE	09AD
		s__HOME	0BAD
		l__BASE	1014
		s__BASE	105C
		s__LIT	2070
		s__GSINIT	2070
		s__GSINITTAIL	2135
		s__GSFINAL	2136
		.OAM	C000
		s__DATA	C0A0
		s__BSS	C0C5
		s__HEAP	C14C
		s__BSEG	C14C
		s__ISEG	C14C
		s__XSEG	C14C
		s__OVERLAY	C14C
		.STACK	E000
		.refresh_OAM	FF80
		l__SFR	10000
AREA _CODE
	RADIX HEX
	BASE 0200
	SIZE 09AD
	ATTRIB REL CON
	GLOBALS
		_perfDelay	0200
		_checkScreenLimit	0214
		_jump	027B
		_main	02EA
		_putchar	043C
		_setchar	0445
		_gotoxy	044E
		_posx	0459
		_posy	046A
		.adv_gcurs	047B
		.circle	0498
		.horlin	053B
		.verlin	0573
		.circplot	05CF
		.box	064D
		.line	0723
		.xonly	0844
		.yonly	0993
		.plot	09B4
		.wrbyte	09D1
		.getpix	0A53
		.wrtchr	0A88
		_gotogxy	0AEC
		_wrtchr	0AF7
		_getpix	0B0C
		_color	0B18
		_circle	0B27
		_box	0B41
		_line	0B65
		_plot_point	0B7D
		_plot	0B91
AREA _HEADER
	RADIX HEX
	BASE 0000
	SIZE 01EB
	ATTRIB ABS OVR
	GLOBALS
		_exit	01D2
AREA _HOME
	RADIX HEX
	BASE 0BAD
	SIZE 04AF
	ATTRIB REL CON
	GLOBALS
		.set_mode	0BAD
		.remove_VBL	0BBD
		.remove_LCD	0BC3
		.remove_TIM	0BC9
		.remove_SIO	0BCF
		.remove_JOY	0BD5
		.add_VBL	0BDB
		.add_LCD	0BE1
		.add_TIM	0BE7
		.add_SIO	0BED
		.add_JOY	0BF3
		.remove_int	0BF9
		.add_int	0C19
		.wait_vbl_done	0C35
		_wait_vbl_done	0C35
		_display_off	0C4C
		.display_off	0C4C
		.serial_IO	0C6D
		_mode	0C9C
		_get_mode	0CA5
		_enable_interrupts	0CAA
		_disable_interrupts	0CAC
		_reset	0CAE
		.reset	0CAE
		_set_interrupts	0CB4
		_remove_VBL	0CBF
		_remove_LCD	0CCA
		_remove_TIM	0CD5
		_remove_SIO	0CE0
		_remove_JOY	0CEB
		_add_VBL	0CF6
		_add_LCD	0D01
		_add_TIM	0D0C
		_add_SIO	0D17
		_add_JOY	0D22
		_clock	0D2D
		__printTStates	0D36
		banked_call	0D37
		banked_ret	0D50
		_printf	0D59
		_sprintf	0D88
AREA _BASE
	RADIX HEX
	BASE 105C
	SIZE 1014
	ATTRIB REL CON
	GLOBALS
		.mv_sprite	105C
		_move_sprite	106B
		_set_win_data	1078
		_set_bkg_data	1078
		_set_sprite_data	10C5
		.padup	10F4
		_waitpadup	10F4
		.jpad	1104
		.wait_pad	1131
		_joypad	1138
		_waitpad	113D
		.set_sprite_tile	1147
		_set_sprite_tile	1154
		__modslong	115F
		__divslong	115F
		__mulslong	115F
		__divschar	1160
		__modschar	116C
		__divsint	1177
		__modsint	1188
		__divuchar	1197
		__moduchar	11A3
		__divuint	11AE
		__moduint	11BF
		.mod8	11CE
		.div8	11CE
		.mod16	11D6
		.div16	11D6
		.modu8	120C
		.divu8	120C
		.modu16	120F
		.divu16	120F
		.copy_vram	124C
		_get_data	125B
		_set_data	125B
		font_copy_uncompressed	126E
		font_copy_compressed	12A4
		font_load	12F9
		font_copy_current	1341
		font_set	1389
		.put_char	1396
		.out_char	13AF
		.del_char	13B6
		_font_load	1411
		_font_set	141F
		_font_init	142E
		_cls	1450
		.cls	1450
		.cr_curs	1482
		.adv_curs	1497
		.tmode	14F3
		.tmode_out	151C
		_font_load_ibm_fixed	152C
		_font_ibm_fixed	1533
		_font_ibm_fixed_tiles	1635
		.gmode	1E35
		.vbl	1E97
		.lcd	1EA2
		.draw_image	1EAF
		.switch_data	1EB9
		_switch_data	1EF0
		_draw_image	1F0B
		.y_table	1F1E
		.init_vram	203E
		.init_wtt	204C
		.init_btt	205C
		.init_tt	206A
AREA _LIT
	RADIX HEX
	BASE 2070
	SIZE 0000
	ATTRIB REL CON
AREA _GSINIT
	RADIX HEX
	BASE 2070
	SIZE 00C5
	ATTRIB REL CON
	GLOBALS
		gsinit	2070
AREA _GSINITTAIL
	RADIX HEX
	BASE 2135
	SIZE 0001
	ATTRIB REL CON
AREA _GSFINAL
	RADIX HEX
	BASE 2136
	SIZE 0000
	ATTRIB REL CON
AREA _DATA
	RADIX HEX
	BASE C0A0
	SIZE 0025
	ATTRIB REL CON
	GLOBALS
		_jumping	C0A0
		_playerlocation	C0A1
		_currSpeedY	C0A3
		_gravity	C0A4
		_Hero	C0A5
AREA _BSS
	RADIX HEX
	BASE C0C5
	SIZE 0087
	ATTRIB REL CON
	GLOBALS
		__cpu	C0C5
		.mode	C0C6
		__io_out	C0C7
		__io_in	C0C8
		__io_status	C0C9
		.vbl_done	C0CA
		__current_bank	C0CB
		_sys_time	C0CC
		.sys_time	C0CC
		.int_0x40	C0CE
		.int_0x48	C0DE
		.int_0x50	C0EE
		.int_0x58	C0FE
		.int_0x60	C10E
		font_current	C121
		font_first_free_tile	C124
		font_table	C125
		.curx	C137
		.cury	C138
		.fg_colour	C139
		.bg_colour	C13A
AREA _HEAP
	RADIX HEX
	BASE C14C
	SIZE 0000
	ATTRIB REL CON
	GLOBALS
		_malloc_heap_start	C14C
AREA _OVERLAY
	RADIX HEX
	BASE C14C
	SIZE 0000
	ATTRIB REL CON
AREA _ISEG
	RADIX HEX
	BASE C14C
	SIZE 0000
	ATTRIB REL CON
AREA _BSEG
	RADIX HEX
	BASE C14C
	SIZE 0000
	ATTRIB REL CON
AREA _XSEG
	RADIX HEX
	BASE C14C
	SIZE 0000
	ATTRIB REL CON
AREA _SFR
	RADIX HEX
	BASE 0000
	SIZE 10000
	ATTRIB ABS OVR
	GLOBALS
		_P1_REG	FF00
		_SB_REG	FF01
		_SC_REG	FF02
		_DIV_REG	FF04
		_TIMA_REG	FF05
		_TMA_REG	FF06
		_TAC_REG	FF07
		_IF_REG	FF0F
		_NR10_REG	FF10
		_NR11_REG	FF11
		_NR12_REG	FF12
		_NR13_REG	FF13
		_NR14_REG	FF14
		_NR21_REG	FF16
		_NR22_REG	FF17
		_NR23_REG	FF18
		_NR24_REG	FF19
		_NR30_REG	FF1A
		_NR31_REG	FF1B
		_NR32_REG	FF1C
		_NR33_REG	FF1D
		_NR34_REG	FF1E
		_NR41_REG	FF20
		_NR42_REG	FF21
		_NR43_REG	FF22
		_NR44_REG	FF23
		_NR50_REG	FF24
		_NR51_REG	FF25
		_NR52_REG	FF26
		_LCDC_REG	FF40
		_STAT_REG	FF41
		_SCY_REG	FF42
		_SCX_REG	FF43
		_LY_REG	FF44
		_LYC_REG	FF45
		_DMA_REG	FF46
		_BGP_REG	FF47
		_OBP0_REG	FF48
		_OBP1_REG	FF49
		_WY_REG	FF4A
		_WX_REG	FF4B
		_KEY1_REG	FF4D
		_VBK_REG	FF4F
		_HDMA1_REG	FF51
		_HDMA2_REG	FF52
		_HDMA3_REG	FF53
		_HDMA4_REG	FF54
		_HDMA5_REG	FF55
		_RP_REG	FF56
		_BCPS_REG	FF68
		_BCPD_REG	FF69
		_OCPS_REG	FF6A
		_OCPD_REG	FF6B
		_SVBK_REG	FF70
		_IE_REG	FFFF
MODULES
	FILE c:\gbdk\lib/small/asxxxx/gb/crt0.o
		NAME Runtime
	FILE main.o
		NAME lcc63920
LIBRARIES
	LIBRARY c:\gbdk\lib/small/asxxxx/gb/gb.lib
		MODULE sfr.o
	LIBRARY c:\gbdk\lib/small/asxxxx/gb/gb.lib
		MODULE mv_spr.o
	LIBRARY c:\gbdk\lib/small/asxxxx/gb/gb.lib
		MODULE set_data.o
	LIBRARY c:\gbdk\lib/small/asxxxx/gb/gb.lib
		MODULE pad.o
	LIBRARY c:\gbdk\lib/small/asxxxx/gb/gb.lib
		MODULE set_spr.o
	LIBRARY c:\gbdk\lib/small/asxxxx/gbz80/gbz80.lib
		MODULE printf.o
	LIBRARY c:\gbdk\lib/small/asxxxx/gbz80/gbz80.lib
		MODULE div.o
	LIBRARY c:\gbdk\lib/small/asxxxx/gb/gb.lib
		MODULE cpy_data.o
	LIBRARY c:\gbdk\lib/small/asxxxx/gb/gb.lib
		MODULE font.o
	LIBRARY c:\gbdk\lib/small/asxxxx/gb/gb.lib
		MODULE ibmfixed.o
	LIBRARY c:\gbdk\lib/small/asxxxx/gb/gb.lib
		MODULE drawing.o
	LIBRARY c:\gbdk\lib/small/asxxxx/gb/gb.lib
		MODULE init_tt.o
USERBASEDEF
	_CODE=0x0200
	_DATA=0xC0A0
	_CODE_1=0x4000
USERGLOBALDEF
	.OAM=0xC000
	.STACK=0xE000
	.refresh_OAM=0xFF80
	.init=0x0000
